C:\Users\k023g\source\repos\ONEngine\Project\Externals\imgui-node-editor\crude_json.h(150,28): warning C4996: 'std::aligned_storage<40,8>': warning STL4034: std::aligned_storage and std::aligned_storage_t are deprecated in C++23. Prefer alignas(T) std::byte t_buff[sizeof(T)]. You can define _SILENCE_CXX23_ALIGNED_STORAGE_DEPRECATION_WARNING or _SILENCE_ALL_CXX23_DEPRECATION_WARNINGS to suppress this warning. [C:\Users\k023g\source\repos\ONEngine\Project\Externals\ImGui\ImGui.vcxproj]
C:\Users\k023g\source\repos\ONEngine\Project\Externals\imgui-node-editor\crude_json.h(150,66): warning C4996: 'std::aligned_storage<40,8>::type': warning STL4034: std::aligned_storage and std::aligned_storage_t are deprecated in C++23. Prefer alignas(T) std::byte t_buff[sizeof(T)]. You can define _SILENCE_CXX23_ALIGNED_STORAGE_DEPRECATION_WARNING or _SILENCE_ALL_CXX23_DEPRECATION_WARNINGS to suppress this warning. [C:\Users\k023g\source\repos\ONEngine\Project\Externals\ImGui\ImGui.vcxproj]
C:\Users\k023g\source\repos\ONEngine\Project\Externals\imgui-node-editor\crude_json.h(150,28): warning C4996: 'std::aligned_storage<40,8>': warning STL4034: std::aligned_storage and std::aligned_storage_t are deprecated in C++23. Prefer alignas(T) std::byte t_buff[sizeof(T)]. You can define _SILENCE_CXX23_ALIGNED_STORAGE_DEPRECATION_WARNING or _SILENCE_ALL_CXX23_DEPRECATION_WARNINGS to suppress this warning. [C:\Users\k023g\source\repos\ONEngine\Project\Externals\ImGui\ImGui.vcxproj]
C:\Users\k023g\source\repos\ONEngine\Project\Externals\imgui-node-editor\crude_json.h(150,66): warning C4996: 'std::aligned_storage<40,8>::type': warning STL4034: std::aligned_storage and std::aligned_storage_t are deprecated in C++23. Prefer alignas(T) std::byte t_buff[sizeof(T)]. You can define _SILENCE_CXX23_ALIGNED_STORAGE_DEPRECATION_WARNING or _SILENCE_ALL_CXX23_DEPRECATION_WARNINGS to suppress this warning. [C:\Users\k023g\source\repos\ONEngine\Project\Externals\ImGui\ImGui.vcxproj]
C:\Users\k023g\source\repos\ONEngine\Project\Externals\imgui-node-editor\crude_json.h(150,28): warning C4996: 'std::aligned_storage<40,8>': warning STL4034: std::aligned_storage and std::aligned_storage_t are deprecated in C++23. Prefer alignas(T) std::byte t_buff[sizeof(T)]. You can define _SILENCE_CXX23_ALIGNED_STORAGE_DEPRECATION_WARNING or _SILENCE_ALL_CXX23_DEPRECATION_WARNINGS to suppress this warning. [C:\Users\k023g\source\repos\ONEngine\Project\Externals\ImGui\ImGui.vcxproj]
C:\Users\k023g\source\repos\ONEngine\Project\Externals\imgui-node-editor\crude_json.h(150,66): warning C4996: 'std::aligned_storage<40,8>::type': warning STL4034: std::aligned_storage and std::aligned_storage_t are deprecated in C++23. Prefer alignas(T) std::byte t_buff[sizeof(T)]. You can define _SILENCE_CXX23_ALIGNED_STORAGE_DEPRECATION_WARNING or _SILENCE_ALL_CXX23_DEPRECATION_WARNINGS to suppress this warning. [C:\Users\k023g\source\repos\ONEngine\Project\Externals\ImGui\ImGui.vcxproj]
C:\Users\k023g\source\repos\ONEngine\Project\Engine\Asset\Assets\Shader\ShaderLoader.cpp(25,88): warning C4100: 'src': 参照されないパラメーター [C:\Users\k023g\source\repos\ONEngine\Project\ONEngine.vcxproj]
C:\Users\k023g\source\repos\ONEngine\Project\Engine\ECS\Component\Components\ComputeComponents\Variables\Variables.cpp(152,1): warning C4702: 制御が渡らないコードです。 [C:\Users\k023g\source\repos\ONEngine\Project\ONEngine.vcxproj]
C:\Users\k023g\source\repos\ONEngine\Project\Engine\ECS\Component\Components\ComputeComponents\Variables\Variables.cpp(152,1): warning C4702: 制御が渡らないコードです。 [C:\Users\k023g\source\repos\ONEngine\Project\ONEngine.vcxproj]
C:\Users\k023g\source\repos\ONEngine\Project\Engine\ECS\Component\Components\ComputeComponents\Variables\Variables.cpp(152,1): warning C4702: 制御が渡らないコードです。 [C:\Users\k023g\source\repos\ONEngine\Project\ONEngine.vcxproj]
C:\Users\k023g\source\repos\ONEngine\Project\Engine\ECS\Component\Components\ComputeComponents\Variables\Variables.cpp(152,1): warning C4702: 制御が渡らないコードです。 [C:\Users\k023g\source\repos\ONEngine\Project\ONEngine.vcxproj]
C:\Users\k023g\source\repos\ONEngine\Project\Engine\ECS\Component\Components\ComputeComponents\Variables\Variables.cpp(152,1): warning C4702: 制御が渡らないコードです。 [C:\Users\k023g\source\repos\ONEngine\Project\ONEngine.vcxproj]
C:\Users\k023g\source\repos\ONEngine\Project\Engine\ECS\Component\Components\ComputeComponents\Variables\Variables.cpp(152,1): warning C4702: 制御が渡らないコードです。 [C:\Users\k023g\source\repos\ONEngine\Project\ONEngine.vcxproj]
C:\Users\k023g\source\repos\ONEngine\Project\Engine\ECS\Component\Components\ComputeComponents\Variables\Variables.cpp(152,1): warning C4702: 制御が渡らないコードです。 [C:\Users\k023g\source\repos\ONEngine\Project\ONEngine.vcxproj]
C:\Users\k023g\source\repos\ONEngine\Project\Engine\ECS\Component\Components\ComputeComponents\Variables\Variables.cpp(152,1): warning C4702: 制御が渡らないコードです。 [C:\Users\k023g\source\repos\ONEngine\Project\ONEngine.vcxproj]
C:\Users\k023g\source\repos\ONEngine\Project\Engine\ECS\Component\Components\ComputeComponents\Variables\Variables.cpp(152,1): warning C4702: 制御が渡らないコードです。 [C:\Users\k023g\source\repos\ONEngine\Project\ONEngine.vcxproj]
C:\Users\k023g\source\repos\ONEngine\Project\Engine\ECS\Component\Components\ComputeComponents\Variables\Variables.cpp(152,1): warning C4702: 制御が渡らないコードです。 [C:\Users\k023g\source\repos\ONEngine\Project\ONEngine.vcxproj]
C:\Users\k023g\source\repos\ONEngine\Project\Engine\ECS\Component\Components\ComputeComponents\Variables\Variables.cpp(152,1): warning C4702: 制御が渡らないコードです。 [C:\Users\k023g\source\repos\ONEngine\Project\ONEngine.vcxproj]
C:\Users\k023g\source\repos\ONEngine\Project\Engine\ECS\Component\Components\ComputeComponents\Variables\Variables.cpp(152,1): warning C4702: 制御が渡らないコードです。 [C:\Users\k023g\source\repos\ONEngine\Project\ONEngine.vcxproj]
C:\Users\k023g\source\repos\ONEngine\Project\Engine\ECS\Component\Components\ComputeComponents\Variables\Variables.cpp(152,1): warning C4702: 制御が渡らないコードです。 [C:\Users\k023g\source\repos\ONEngine\Project\ONEngine.vcxproj]
C:\Users\k023g\source\repos\ONEngine\Project\Engine\ECS\Component\Components\ComputeComponents\Variables\Variables.cpp(152,1): warning C4702: 制御が渡らないコードです。 [C:\Users\k023g\source\repos\ONEngine\Project\ONEngine.vcxproj]
C:\Users\k023g\source\repos\ONEngine\Project\Engine\ECS\Component\Components\RendererComponents\SkinMesh\SkinMeshRenderer.cpp(132,8): warning C4189: 'duration': ローカル変数が初期化されましたが、参照されていません [C:\Users\k023g\source\repos\ONEngine\Project\ONEngine.vcxproj]
C:\Users\k023g\source\repos\ONEngine\Project\Engine\ECS\Component\Components\RendererComponents\SkinMesh\SkinMeshRenderer.cpp(131,8): warning C4189: 'animationTime': ローカル変数が初期化されましたが、参照されていません [C:\Users\k023g\source\repos\ONEngine\Project\ONEngine.vcxproj]
C:\Users\k023g\source\repos\ONEngine\Project\Engine\ECS\Entity\EntityJsonConverter.cpp(136,105): warning C4100: '_groupName': 参照されないパラメーター [C:\Users\k023g\source\repos\ONEngine\Project\ONEngine.vcxproj]
C:\Users\k023g\source\repos\ONEngine\Project\Engine\ECS\EntityComponentSystem\EntityComponentSystem.cpp(602,71): warning C4100: 'nodeIdHash': 参照されないパラメーター [C:\Users\k023g\source\repos\ONEngine\Project\ONEngine.vcxproj]
C:\Users\k023g\source\repos\ONEngine\Project\Engine\ECS\System\Animator\AnimatorUpdateSystem.cpp(69,39): warning C4189: 'skinMeshArray': ローカル変数が初期化されましたが、参照されていません [C:\Users\k023g\source\repos\ONEngine\Project\ONEngine.vcxproj]
C:\Users\k023g\source\repos\ONEngine\Project\Engine\Editor\Math\DragDrop\DragDrop.cpp(12,95): warning C4100: '_guid': 参照されないパラメーター [C:\Users\k023g\source\repos\ONEngine\Project\ONEngine.vcxproj]
C:\Users\k023g\source\repos\ONEngine\Project\Engine\Editor\Views\Windows\Develop\AnimationEditorWindow.h(41,37): warning C4100: 'typeIndex': 参照されないパラメーター [C:\Users\k023g\source\repos\ONEngine\Project\ONEngine.vcxproj]
C:\Users\k023g\source\repos\ONEngine\Project\Engine\Editor\Views\Windows\Develop\AnimationEditorWindow.h(62,32): warning C4100: 'index': 参照されないパラメーター [C:\Users\k023g\source\repos\ONEngine\Project\ONEngine.vcxproj]
C:\Users\k023g\source\repos\ONEngine\Project\Engine\Editor\Views\Windows\Develop\AnimationEditorWindow.h(41,37): warning C4100: 'typeIndex': 参照されないパラメーター [C:\Users\k023g\source\repos\ONEngine\Project\ONEngine.vcxproj]
C:\Users\k023g\source\repos\ONEngine\Project\Engine\Editor\Views\Windows\Develop\AnimationEditorWindow.h(62,32): warning C4100: 'index': 参照されないパラメーター [C:\Users\k023g\source\repos\ONEngine\Project\ONEngine.vcxproj]
C:\Users\k023g\source\repos\ONEngine\Project\Engine\Editor\Views\Windows\Develop\AnimationEditorWindow.h(41,37): warning C4100: 'typeIndex': 参照されないパラメーター [C:\Users\k023g\source\repos\ONEngine\Project\ONEngine.vcxproj]
C:\Users\k023g\source\repos\ONEngine\Project\Engine\Editor\Views\Windows\Develop\AnimationEditorWindow.h(62,32): warning C4100: 'index': 参照されないパラメーター [C:\Users\k023g\source\repos\ONEngine\Project\ONEngine.vcxproj]
C:\Users\k023g\source\repos\ONEngine\Project\Engine\Editor\Views\Windows\Develop\AnimationEditorWindow.cpp(61,40): warning C4100: 'type': 参照されないパラメーター [C:\Users\k023g\source\repos\ONEngine\Project\ONEngine.vcxproj]
C:\Users\k023g\source\repos\ONEngine\Project\Engine\Editor\Views\Windows\Develop\AnimationEditorWindow.cpp(373,13): warning C4189: 'oldEnd': ローカル変数が初期化されましたが、参照されていません [C:\Users\k023g\source\repos\ONEngine\Project\ONEngine.vcxproj]
C:\Users\k023g\source\repos\ONEngine\Project\Engine\Editor\Views\Windows\Develop\AnimationEditorWindow.cpp(372,13): warning C4189: 'oldStart': ローカル変数が初期化されましたが、参照されていません [C:\Users\k023g\source\repos\ONEngine\Project\ONEngine.vcxproj]
C:\Users\k023g\source\repos\ONEngine\Project\Engine\Editor\Views\Windows\Develop\DebugSceneView.cpp(215,12): warning C4456: 'phaseField' を宣言すると、以前のローカル宣言が隠蔽されます [C:\Users\k023g\source\repos\ONEngine\Project\ONEngine.vcxproj]
C:\Users\k023g\source\repos\ONEngine\Project\Engine\Editor\Views\Windows\Develop\DebugSceneView.cpp(216,12): warning C4456: 'vtable' を宣言すると、以前のローカル宣言が隠蔽されます [C:\Users\k023g\source\repos\ONEngine\Project\ONEngine.vcxproj]
C:\Users\k023g\source\repos\ONEngine\Project\Engine\Editor\Views\Windows\Develop\HierarchyWindow.cpp(165,75): warning C4100: 'userDatas': 参照されないパラメーター [C:\Users\k023g\source\repos\ONEngine\Project\ONEngine.vcxproj]
C:\Users\k023g\source\repos\ONEngine\Project\Engine\Editor\Views\Windows\Develop\InspectorWindow.cpp(91,81): warning C4100: 'comp': 参照されないパラメーター [C:\Users\k023g\source\repos\ONEngine\Project\ONEngine.vcxproj]
C:\Users\k023g\source\repos\ONEngine\Project\Engine\Editor\Views\Windows\Develop\InspectorWindow.cpp(92,81): warning C4100: 'comp': 参照されないパラメーター [C:\Users\k023g\source\repos\ONEngine\Project\ONEngine.vcxproj]
C:\Users\k023g\source\repos\ONEngine\Project\Engine\Editor\Views\Windows\Develop\InspectorWindow.cpp(569,40): warning C4805: '!=': 操作中の型 'int' と型 'bool' の混用は安全ではありません [C:\Users\k023g\source\repos\ONEngine\Project\ONEngine.vcxproj]
C:\Users\k023g\source\repos\ONEngine\Project\Engine\Editor\Math\MetaData\MetaReflectionUI.h(54,3): warning C4996: 'strncpy': This function or variable may be unsafe. Consider using strncpy_s instead. To disable deprecation, use _CRT_SECURE_NO_WARNINGS. See online help for details. [C:\Users\k023g\source\repos\ONEngine\Project\ONEngine.vcxproj]
C:\Users\k023g\source\repos\ONEngine\Project\Engine\Editor\Views\Windows\Develop\InspectorWindow.cpp(431,1): warning C4702: 制御が渡らないコードです。 [C:\Users\k023g\source\repos\ONEngine\Project\ONEngine.vcxproj]
C:\Users\k023g\source\repos\ONEngine\Project\Engine\Graphics\Pipelines\Collection\RenderingPipelineCollection.cpp(130,93): warning C4100: '_2dCamera': 参照されないパラメーター [C:\Users\k023g\source\repos\ONEngine\Project\ONEngine.vcxproj]
C:\Users\k023g\source\repos\ONEngine\Project\Engine\Graphics\Pipelines\Collection\RenderingPipelineCollection.cpp(149,63): warning C4100: '_3dCamera': 参照されないパラメーター [C:\Users\k023g\source\repos\ONEngine\Project\ONEngine.vcxproj]
C:\Users\k023g\source\repos\ONEngine\Project\Engine\Graphics\Pipelines\Collection\RenderingPipelineCollection.cpp(182,99): warning C4100: '_2dCamera': 参照されないパラメーター [C:\Users\k023g\source\repos\ONEngine\Project\ONEngine.vcxproj]
C:\Users\k023g\source\repos\ONEngine\Project\Engine\Graphics\Pipelines\Render\Grid\GridRenderingPipeline.cpp(53,44): warning C4100: 'ecs': 参照されないパラメーター [C:\Users\k023g\source\repos\ONEngine\Project\ONEngine.vcxproj]
